asm/sub.s
